    Updating crates.io index
 Downloading crates ...
  Downloaded alloy-rlp-derive v0.3.16
  Downloaded ref-cast-impl v1.0.25
  Downloaded alloy-consensus-any v2.5.0
  Downloaded ruint-macro v1.2.1
  Downloaded rfc6979 v0.4.0
  Downloaded async-stream v0.3.6
  Downloaded rustc-hex v2.1.0
  Downloaded ark-serialize v0.5.0
  Downloaded rlp v0.5.2
  Downloaded async-stream-impl v0.3.6
  Downloaded ark-ff-macros v0.4.2
  Downloaded crypto-common v0.1.6
  Downloaded cfg_aliases v0.2.1
  Downloaded alloy-rpc-types-anvil v2.5.0
  Downloaded alloy-sol-type-parser v1.7.3
  Downloaded ansitok v0.3.0
  Downloaded futures-macro v0.3.34
  Downloaded threadpool v1.8.1
  Downloaded const_format_proc_macros v0.2.34
  Downloaded num-conv v0.1.0
  Downloaded time-core v0.1.6
  Downloaded macro-string v0.2.0
  Downloaded generic-array v0.14.9
  Downloaded idna_adapter v1.2.1
  Downloaded num_enum v0.7.5
  Downloaded keccak-asm v0.1.6
  Downloaded unicode-xid v0.2.6
  Downloaded bitcoin_hashes v0.14.1
  Downloaded convert_case v0.10.0
  Downloaded fixed-cache v0.1.10
  Downloaded ipnet v2.11.0
  Downloaded alloy-dyn-abi v1.7.3
  Downloaded futures-task v0.3.34
  Downloaded darling_core v0.23.0
  Downloaded hmac v0.12.1
  Downloaded alloy-chains v0.2.24
  Downloaded parity-scale-codec-derive v3.7.5
  Downloaded fs_extra v1.3.0
  Downloaded futures-executor v0.3.34
  Downloaded semver-parser v0.10.3
  Downloaded semver v1.0.27
  Downloaded pin-project v1.1.10
  Downloaded futures-core v0.3.34
  Downloaded icu_normalizer_data v2.1.1
  Downloaded icu_collections v2.1.1
  Downloaded http v1.4.0
  Downloaded pest v2.8.4
  Downloaded libm v0.2.15
  Downloaded iana-time-zone v0.1.64
  Downloaded futures-util v0.3.34
  Downloaded derive_more v2.1.1
  Downloaded proptest v1.9.0
  Downloaded zerovec v0.11.5
  Downloaded tower-http v0.6.8
  Downloaded itertools v0.15.0
  Downloaded winnow v1.0.4
  Downloaded fastnum v0.7.5
  Downloaded tabled v0.22.0
  Downloaded alloy-eips v2.5.0
  Downloaded blst v0.3.16
  Downloaded zerocopy v0.8.31
  Downloaded syn v2.0.117
  Downloaded unicode-width v0.2.2
  Downloaded serde_with v3.16.1
  Downloaded winnow v0.7.14
  Downloaded regex-syntax v0.8.8
  Downloaded rustls v0.23.35
  Downloaded sha3-asm v0.1.6
  Downloaded rustix v1.1.3
  Downloaded hashbrown v0.16.1
  Downloaded serde_json v1.0.148
  Downloaded reqwest v0.13.3
  Downloaded alloy-genesis v2.5.0
  Downloaded tokio-util v0.7.19
  Downloaded time v0.3.44
  Downloaded ruint v1.17.2
  Downloaded rand v0.9.2
  Downloaded derive_more-impl v2.1.1
  Downloaded der v0.7.10
  Downloaded unicode-segmentation v1.12.0
  Downloaded tower v0.5.2
  Downloaded secp256k1 v0.31.1
  Downloaded url v2.5.7
  Downloaded toml_edit v0.23.10+spec-1.0.0
  Downloaded secp256k1 v0.30.0
  Downloaded schemars v1.2.0
  Downloaded schemars v0.9.0
  Downloaded rustls-webpki v0.103.8
  Downloaded quinn-proto v0.11.13
  Downloaded portable-atomic v1.13.0
  Downloaded zerotrie v0.2.3
  Downloaded typenum v1.19.0
  Downloaded syn-solidity v1.7.3
  Downloaded rustls-platform-verifier v0.7.0
  Downloaded chrono v0.4.45
  Downloaded bitvec v1.0.1
  Downloaded aws-lc-rs v1.16.3
  Downloaded hyper v1.8.1
  Downloaded futures-channel v0.3.34
  Downloaded futures v0.3.34
  Downloaded icu_properties_data v2.1.2
  Downloaded log v0.4.29
  Downloaded litemap v0.8.1
  Downloaded papergrid v0.18.0
  Downloaded elliptic-curve v0.13.8
  Downloaded vte v0.14.1
  Downloaded alloy-provider v2.5.0
  Downloaded iri-string v0.7.10
  Downloaded tinyvec v1.10.0
  Downloaded spinning_top v0.3.0
  Downloaded socket2 v0.6.3
  Downloaded hybrid-array v0.4.10
  Downloaded nybbles v0.4.6
  Downloaded governor v0.10.4
  Downloaded educe v0.6.0
  Downloaded zmij v1.0.4
  Downloaded itertools v0.13.0
  Downloaded itertools v0.10.5
  Downloaded unicode-ident v1.0.22
  Downloaded uint v0.9.5
  Downloaded ucd-trie v0.1.7
  Downloaded toml_parser v1.0.6+spec-1.1.0
  Downloaded tempfile v3.24.0
  Downloaded quinn v0.11.9
  Downloaded k256 v0.13.4
  Downloaded indexmap v2.12.1
  Downloaded hyper-util v0.1.19
  Downloaded num-bigint v0.4.6
  Downloaded nom v7.1.3
  Downloaded mio v1.2.0
  Downloaded hashbrown v0.12.3
  Downloaded strum_macros v0.27.2
  Downloaded smallvec v1.15.1
  Downloaded serde_with_macros v3.16.1
  Downloaded alloy-rpc-types-eth v2.5.0
  Downloaded c-kzg v2.1.5
  Downloaded alloy-primitives v1.7.3
  Downloaded alloy-consensus v2.5.0
  Downloaded icu_normalizer v2.1.1
  Downloaded icu_locale_core v2.1.1
  Downloaded enum-ordinalize-derive v4.3.2
  Downloaded memchr v2.7.6
  Downloaded minimal-lexical v0.2.1
  Downloaded tokio-stream v0.1.17
  Downloaded rustls-pki-types v1.13.2
  Downloaded rapidhash v4.2.0
  Downloaded rand_core v0.9.3
  Downloaded rand v0.8.5
  Downloaded icu_properties v2.1.2
  Downloaded parity-scale-codec v3.7.5
  Downloaded icu_provider v2.1.1
  Downloaded hex-conservative v0.2.2
  Downloaded either v1.15.0
  Downloaded secp256k1-sys v0.11.0
  Downloaded displaydoc v0.2.5
  Downloaded deranged v0.5.5
  Downloaded zerovec-derive v0.11.2
  Downloaded zeroize v1.8.2
  Downloaded zerofrom-derive v0.1.6
  Downloaded yoke v0.8.1
  Downloaded writeable v0.6.2
  Downloaded web-time v1.1.0
  Downloaded toml_datetime v0.7.5+spec-1.1.0
  Downloaded tinystr v0.8.2
  Downloaded time-macros v0.2.24
  Downloaded slab v0.4.11
  Downloaded thiserror-impl v2.0.20
  Downloaded thiserror v2.0.20
  Downloaded strsim v0.11.1
  Downloaded spki v0.7.3
  Downloaded shlex v1.3.0
  Downloaded cc v1.2.51
  Downloaded bnum v0.12.1
  Downloaded semver v0.11.0
  Downloaded crypto-bigint v0.5.5
  Downloaded bytes v1.11.0
  Downloaded borsh v1.6.0
  Downloaded linux-raw-sys v0.11.0
  Downloaded foldhash v0.2.0
  Downloaded pin-project-lite v0.2.16
  Downloaded indexmap v1.9.3
  Downloaded sec1 v0.7.3
  Downloaded rustc_version v0.3.3
  Downloaded rustls-native-certs v0.8.3
  Downloaded alloy-sol-types v1.7.3
  Downloaded proc-macro-error3 v3.0.1
  Downloaded darling_core v0.21.3
  Downloaded ark-ff v0.4.2
  Downloaded secp256k1-sys v0.10.1
  Downloaded const_format v0.2.35
  Downloaded ark-ff v0.5.0
  Downloaded futures-sink v0.3.34
  Downloaded futures-io v0.3.34
  Downloaded fastrlp v0.4.0
  Downloaded fastrlp v0.3.1
  Downloaded fastrand v2.3.0
  Downloaded enum-ordinalize v4.3.2
  Downloaded proc-macro-error-attr3 v3.0.1
  Downloaded proc-macro-crate v3.4.0
  Downloaded pkcs8 v0.10.2
  Downloaded pin-project-internal v1.1.10
  Downloaded hyper-rustls v0.27.7
  Downloaded digest v0.9.0
  Downloaded zeroize_derive v1.4.3
  Downloaded find-msvc-tools v0.1.6
  Downloaded getrandom v0.2.16
  Downloaded zerofrom v0.1.6
  Downloaded yoke-derive v0.8.1
  Downloaded base64ct v1.8.1
  Downloaded alloy-signer-local v2.5.0
  Downloaded itoa v1.0.17
  Downloaded ident_case v1.0.1
  Downloaded primitive-types v0.12.2
  Downloaded potential_utf v0.1.4
  Downloaded pin-utils v0.1.0
  Downloaded lru v0.18.5
  Downloaded impl-trait-for-tuples v0.2.3
  Downloaded unarray v0.1.4
  Downloaded quinn-udp v0.5.14
  Downloaded num-integer v0.1.46
  Downloaded rustc-hash v2.1.1
  Downloaded rand_xorshift v0.4.0
  Downloaded ark-ff v0.3.0
  Downloaded alloy-trie v0.9.7
  Downloaded alloy-transport v2.5.0
  Downloaded alloy-network v2.5.0
  Downloaded alloy-ens v2.5.0
  Downloaded fixed-hash v0.8.0
  Downloaded futures-timer v3.0.3
  Downloaded num_enum_derive v0.7.5
  Downloaded testing_table v0.3.0
  Downloaded alloy-rpc-client v2.5.0
  Downloaded alloy-node-bindings v2.5.0
  Downloaded ecdsa v0.16.9
  Downloaded tabled_derive v0.12.0
  Downloaded strum v0.27.2
  Downloaded serdect v0.2.0
  Downloaded darling v0.23.0
  Downloaded darling v0.21.3
  Downloaded const-oid v0.9.6
  Downloaded colored v3.1.1
  Downloaded borsh-derive v1.6.0
  Downloaded bitflags v2.11.1
  Downloaded alloy-serde v2.5.0
  Downloaded lru-slab v0.1.2
  Downloaded impl-codec v0.6.0
  Downloaded nonzero_ext v0.3.0
  Downloaded quote v1.0.45
  Downloaded alloy-contract v2.5.0
  Downloaded alloy v2.5.0
  Downloaded signature v2.2.0
  Downloaded alloy-transport-http v2.5.0
  Downloaded alloy-sol-macro-expander v1.7.3
  Downloaded alloy-signer v2.5.0
  Downloaded alloy-rpc-types v2.5.0
  Downloaded alloy-network-primitives v2.5.0
  Downloaded alloy-json-rpc v2.5.0
  Downloaded alloy-eip7928 v0.4.11
  Downloaded futures-utils-wasm v0.1.0
  Downloaded crc-catalog v2.4.0
  Downloaded const-hex v1.17.0
  Downloaded cmake v0.1.58
  Downloaded bytecount v0.6.9
  Downloaded autocfg v1.5.0
  Downloaded ark-std v0.5.0
  Downloaded ark-std v0.4.0
  Downloaded arrayvec v0.7.6
  Downloaded ark-std v0.3.0
  Downloaded auto_impl v1.3.0
  Downloaded ansi-str v0.9.0
  Downloaded dyn-clone v1.0.20
  Downloaded alloy-json-abi v1.7.3
  Downloaded alloy-sol-macro-input v1.7.3
  Downloaded alloy-sol-macro v1.7.3
  Downloaded alloy-rpc-types-any v2.5.0
  Downloaded alloy-eip8141 v0.1.1
  Downloaded alloy-eip7702 v0.6.3
  Downloaded alloy-core v1.7.3
  Downloaded byte-slice-cast v1.2.3
  Downloaded base16ct v0.2.0
  Downloaded ark-serialize v0.4.2
  Downloaded ark-serialize v0.3.0
  Downloaded ark-ff-asm v0.5.0
  Downloaded ark-ff-asm v0.4.2
  Downloaded ark-ff-asm v0.3.0
  Downloaded ark-ff-macros v0.3.0
  Downloaded rand_chacha v0.9.0
  Downloaded darling_macro v0.21.3
  Downloaded crc v3.4.0
  Downloaded bitcoin-io v0.1.4
  Downloaded ark-ff-macros v0.5.0
  Downloaded allocator-api2 v0.2.21
  Downloaded ref-cast v1.0.25
  Downloaded darling_macro v0.23.0
  Downloaded alloy-tx-macros v2.5.0
  Downloaded alloy-eip2930 v0.2.3
  Downloaded alloy-rlp v0.3.16
  Downloaded alloy-hardforks v0.2.13
  Downloaded alloy-eip2124 v0.2.0
  Downloaded aws-lc-sys v0.40.0
error: rustc 1.85.0 is not supported by the following packages:
  alloy@2.5.0 requires rustc 1.94.1
  alloy-consensus@2.5.0 requires rustc 1.94.1
  alloy-consensus-any@2.5.0 requires rustc 1.94.1
  alloy-contract@2.5.0 requires rustc 1.94.1
  alloy-eip2930@0.2.3 requires rustc 1.88
  alloy-eip7702@0.6.3 requires rustc 1.88
  alloy-eip7928@0.4.11 requires rustc 1.90
  alloy-eip8141@0.1.1 requires rustc 1.90
  alloy-eips@2.5.0 requires rustc 1.94.1
  alloy-genesis@2.5.0 requires rustc 1.94.1
  alloy-json-rpc@2.5.0 requires rustc 1.94.1
  alloy-network@2.5.0 requires rustc 1.94.1
  alloy-network-primitives@2.5.0 requires rustc 1.94.1
  alloy-node-bindings@2.5.0 requires rustc 1.94.1
  alloy-provider@2.5.0 requires rustc 1.94.1
  alloy-rpc-client@2.5.0 requires rustc 1.94.1
  alloy-rpc-types@2.5.0 requires rustc 1.94.1
  alloy-rpc-types-anvil@2.5.0 requires rustc 1.94.1
  alloy-rpc-types-any@2.5.0 requires rustc 1.94.1
  alloy-rpc-types-eth@2.5.0 requires rustc 1.94.1
  alloy-serde@2.5.0 requires rustc 1.94.1
  alloy-signer@2.5.0 requires rustc 1.94.1
  alloy-signer-local@2.5.0 requires rustc 1.94.1
  alloy-transport@2.5.0 requires rustc 1.94.1
  alloy-transport-http@2.5.0 requires rustc 1.94.1
  alloy-tx-macros@2.5.0 requires rustc 1.94.1
  darling@0.23.0 requires rustc 1.88.0
  darling_core@0.23.0 requires rustc 1.88.0
  darling_macro@0.23.0 requires rustc 1.88.0
  fastnum@0.7.5 requires rustc 1.94
  fastnum@0.7.5 requires rustc 1.94
  fastnum@0.7.5 requires rustc 1.94
Either upgrade rustc or select compatible dependency versions with
`cargo update <name>@<current-ver> --precise <compatible-ver>`
where `<compatible-ver>` is the latest version supporting rustc 1.85.0

exit=101
