   Compiling proc-macro2 v1.0.106
   Compiling unicode-ident v1.0.22
   Compiling quote v1.0.45
   Compiling libc v0.2.186
   Compiling serde_core v1.0.228
   Compiling serde v1.0.228
   Compiling typenum v1.19.0
    Checking zeroize v1.8.2
    Checking cfg-if v1.0.4
   Compiling syn v2.0.117
    Checking subtle v2.6.1
   Compiling version_check v0.9.5
    Checking const-oid v0.9.6
    Checking getrandom v0.2.16
    Checking rand_core v0.6.4
   Compiling generic-array v0.14.9
    Checking arrayvec v0.7.6
   Compiling unicode-segmentation v1.12.0
    Checking itoa v1.0.17
   Compiling unicode-xid v0.2.6
   Compiling convert_case v0.10.0
   Compiling paste v1.0.15
    Checking crypto-common v0.1.6
    Checking block-buffer v0.10.4
   Compiling ruint-macro v1.2.1
    Checking digest v0.10.7
    Checking der v0.7.10
    Checking ff v0.13.1
    Checking hybrid-array v0.4.10
   Compiling syn v3.0.6
    Checking foldhash v0.2.0
    Checking base16ct v0.2.0
    Checking group v0.13.0
    Checking sec1 v0.7.3
    Checking hmac v0.12.1
    Checking crypto-bigint v0.5.5
    Checking memchr v2.7.6
    Checking cpufeatures v0.2.17
    Checking rfc6979 v0.4.0
    Checking spki v0.7.3
    Checking block-buffer v0.12.1
    Checking crypto-common v0.2.2
    Checking elliptic-curve v0.13.8
    Checking signature v2.2.0
    Checking pin-project-lite v0.2.16
    Checking ecdsa v0.16.9
    Checking digest v0.11.3
    Checking sha2 v0.10.9
    Checking hashbrown v0.17.1
    Checking keccak v0.2.2
    Checking sha3 v0.11.0
   Compiling serde_derive v1.0.228
   Compiling derive_more-impl v2.1.1
   Compiling alloy-rlp-derive v0.3.16
    Checking k256 v0.13.4
    Checking const-hex v1.17.0
   Compiling zmij v1.0.4
    Checking once_cell v1.21.4
   Compiling dunce v1.0.5
   Compiling thiserror v2.0.20
   Compiling thiserror-impl v2.0.20
   Compiling heck v0.5.0
   Compiling synstructure v0.13.2
    Checking bytes v1.11.0
    Checking smallvec v1.15.1
   Compiling ident_case v1.0.1
   Compiling strsim v0.11.1
    Checking alloy-rlp v0.3.16
    Checking ruint v1.17.2
    Checking tracing-core v0.1.36
   Compiling tracing-attributes v0.1.31
    Checking derive_more v2.1.1
   Compiling serde_json v1.0.148
    Checking alloy-primitives v1.7.3
   Compiling zerofrom-derive v0.1.6
    Checking tracing v0.1.44
   Compiling winnow v1.0.4
    Checking futures-core v0.3.34
    Checking zerofrom v0.1.6
   Compiling alloy-sol-type-parser v1.7.3
   Compiling yoke-derive v0.8.1
    Checking stable_deref_trait v1.2.1
    Checking either v1.15.0
   Compiling alloy-json-abi v1.7.3
   Compiling auto_impl v1.3.0
   Compiling macro-string v0.2.0
    Checking yoke v0.8.1
   Compiling syn-solidity v1.7.3
   Compiling proc-macro-error-attr3 v3.0.1
   Compiling equivalent v1.0.2
   Compiling hashbrown v0.16.1
   Compiling fnv v1.0.7
   Compiling darling_core v0.21.3
   Compiling jobserver v0.1.34
   Compiling indexmap v2.12.1
   Compiling proc-macro-error3 v3.0.1
   Compiling zerovec-derive v0.11.2
   Compiling alloy-sol-macro-input v1.7.3
    Checking futures-sink v0.3.34
   Compiling find-msvc-tools v0.1.6
   Compiling shlex v1.3.0
   Compiling cc v1.2.51
   Compiling alloy-sol-macro-expander v1.7.3
    Checking zerovec v0.11.5
   Compiling darling_macro v0.21.3
   Compiling displaydoc v0.2.5
    Checking crc-catalog v2.4.0
    Checking crc v3.4.0
   Compiling cmake v0.1.58
   Compiling darling v0.21.3
    Checking http v1.4.0
   Compiling fs_extra v1.3.0
   Compiling serde_with_macros v3.16.1
   Compiling aws-lc-sys v0.40.0
    Checking alloy-eip2124 v0.2.0
    Checking futures-channel v0.3.34
   Compiling darling_core v0.23.0
   Compiling tokio-macros v2.7.0
    Checking socket2 v0.6.3
    Checking mio v1.2.0
   Compiling alloy-sol-macro v1.7.3
    Checking tokio v1.53.1
    Checking alloy-sol-types v1.7.3
   Compiling darling_macro v0.23.0
    Checking serde_with v3.16.1
    Checking tinystr v0.8.2
    Checking alloy-serde v2.5.0
    Checking alloy-eip7702 v0.6.3
    Checking alloy-eip8141 v0.1.1
    Checking alloy-eip7928 v0.4.11
    Checking alloy-eip2930 v0.2.3
    Checking nybbles v0.4.6
   Compiling futures-macro v0.3.34
    Checking futures-task v0.3.34
    Checking writeable v0.6.2
    Checking litemap v0.8.1
    Checking slab v0.4.11
    Checking futures-io v0.3.34
    Checking icu_locale_core v2.1.1
    Checking futures-util v0.3.34
    Checking alloy-eips v2.5.0
    Checking alloy-trie v0.9.7
   Compiling darling v0.23.0
    Checking zerotrie v0.2.3
    Checking potential_utf v0.1.4
   Compiling icu_normalizer_data v2.1.1
   Compiling icu_properties_data v2.1.2
    Checking bitflags v2.11.1
   Compiling aws-lc-rs v1.16.3
    Checking icu_provider v2.1.1
    Checking icu_collections v2.1.1
   Compiling alloy-tx-macros v2.5.0
    Checking itertools v0.14.0
    Checking rustls-pki-types v1.13.2
    Checking percent-encoding v2.3.2
    Checking icu_properties v2.1.2
    Checking alloy-consensus v2.5.0
    Checking icu_normalizer v2.1.1
    Checking http-body v1.0.1
    Checking tower-service v0.3.3
    Checking scopeguard v1.2.0
   Compiling httparse v1.10.1
   Compiling rustls v0.23.35
    Checking untrusted v0.9.0
   Compiling crossbeam-utils v0.8.21
   Compiling parking_lot_core v0.9.12
    Checking idna_adapter v1.2.1
    Checking lock_api v0.4.14
    Checking utf8_iter v1.0.4
   Compiling zerocopy v0.8.31
    Checking try-lock v0.2.5
    Checking want v0.3.1
    Checking idna v1.1.0
    Checking form_urlencoded v1.2.2
    Checking alloy-json-rpc v2.5.0
    Checking sync_wrapper v1.0.2
    Checking atomic-waker v1.1.2
    Checking base64 v0.22.1
   Compiling portable-atomic v1.13.0
    Checking alloy-network-primitives v2.5.0
    Checking alloy-consensus-any v2.5.0
   Compiling rustversion v1.0.22
    Checking alloy-rpc-types-eth v2.5.0
    Checking futures-utils-wasm v0.1.0
    Checking pin-utils v0.1.0
    Checking tower-layer v0.3.3
    Checking hyper v1.8.1
    Checking tower v0.5.2
    Checking url v2.5.7
    Checking raw-cpuid v11.6.0
    Checking allocator-api2 v0.2.21
    Checking ipnet v2.11.0
    Checking openssl-probe v0.2.1
    Checking rustls-native-certs v0.8.3
    Checking hyper-util v0.1.19
    Checking quanta v0.12.6
    Checking ppv-lite86 v0.2.21
    Checking parking_lot v0.12.5
    Checking spinning_top v0.3.0
    Checking futures-executor v0.3.34
   Compiling strum_macros v0.27.2
   Compiling num_enum_derive v0.7.5
   Compiling async-trait v0.1.89
   Compiling rustix v1.1.3
    Checking web-time v1.1.0
   Compiling getrandom v0.3.4
    Checking iri-string v0.7.10
    Checking log v0.4.29
    Checking futures-timer v3.0.3
    Checking nonzero_ext v0.3.0
    Checking governor v0.10.4
    Checking tower-http v0.6.8
    Checking strum v0.27.2
    Checking alloy-signer v2.5.0
    Checking num_enum v0.7.5
    Checking futures v0.3.34
    Checking rand_chacha v0.3.1
    Checking alloy-rpc-types-any v2.5.0
    Checking http-body-util v0.1.3
    Checking minimal-lexical v0.2.1
   Compiling autocfg v1.5.0
    Checking linux-raw-sys v0.11.0
   Compiling num-traits v0.2.19
    Checking rand v0.8.5
    Checking nom v7.1.3
    Checking alloy-network v2.5.0
    Checking alloy-transport v2.5.0
    Checking alloy-chains v0.2.24
    Checking tokio-util v0.7.19
   Compiling pin-project-internal v1.1.10
    Checking vte v0.14.1
    Checking dyn-clone v1.0.20
    Checking fastrand v2.3.0
    Checking tokio-stream v0.1.17
    Checking tempfile v3.24.0
    Checking pin-project v1.1.10
    Checking alloy-hardforks v0.2.13
    Checking ansitok v0.3.0
    Checking alloy-signer-local v2.5.0
    Checking alloy-genesis v2.5.0
   Compiling async-stream-impl v0.3.6
    Checking hashbrown v0.14.5
    Checking async-stream v0.3.6
    Checking alloy-node-bindings v2.5.0
    Checking dashmap v6.2.1
    Checking alloy-rpc-types-anvil v2.5.0
    Checking alloy-dyn-abi v1.7.3
    Checking lru v0.18.5
    Checking unicode-width v0.2.2
    Checking ansi-str v0.9.0
   Compiling fastnum v0.7.5
    Checking bytecount v0.6.9
    Checking testing_table v0.3.0
    Checking papergrid v0.18.0
    Checking alloy-core v1.7.3
    Checking num-integer v0.1.46
    Checking alloy-rpc-types v2.5.0
   Compiling tabled_derive v0.12.0
   Compiling perpl-sdk v0.2.9 (/home/luna/.hermes/cache/scratch/p00/refs/dex-sdk/crates/sdk)
    Checking bnum v0.12.1
    Checking chrono v0.4.45
    Checking tabled v0.22.0
    Checking itertools v0.15.0
    Checking colored v3.1.1
    Checking rustls-webpki v0.103.8
    Checking tokio-rustls v0.26.4
    Checking rustls-platform-verifier v0.7.0
    Checking hyper-rustls v0.27.7
    Checking reqwest v0.13.3
    Checking alloy-transport-http v2.5.0
    Checking alloy-rpc-client v2.5.0
    Checking alloy-provider v2.5.0
    Checking alloy-contract v2.5.0
    Checking alloy v2.5.0
    Finished `dev` profile [unoptimized + debuginfo] target(s) in 5m 14s
exit=0
